21:31:56 **** Incremental Build of configuration Release for project FRDML02Z_mma8451 ****
make -r -j2 all 
Building file: ../utilities/fsl_debug_console.c
Building file: ../utilities/fsl_io.c
Invoking: MCU C Compiler
Invoking: MCU C Compiler
arm-none-eabi-gcc -DCPU_MKL02Z32VFM4 -DCPU_MKL02Z32VFM4_cm0plus -DFSL_RTOS_BM -DSDK_OS_BAREMETAL -DSDK_DEBUGCONSOLE=0 -DCR_INTEGER_PRINTF -DPRINTF_FLOAT_ENABLE=1 -DCR_PRINTF_CHAR -DSDK_DEBUGCONSOLE_UART -D__MCUXPRESSO -D__USE_CMSIS -DNDEBUG -D__REDLIB__ -I"C:\nxp\mma_8451 propio\FRDML02Z_mma8451\board" -I"C:\nxp\mma_8451 propio\FRDML02Z_mma8451\source" -I"C:\nxp\mma_8451 propio\FRDML02Z_mma8451" -I"C:\nxp\mma_8451 propio\FRDML02Z_mma8451\drivers" -I"C:\nxp\mma_8451 propio\FRDML02Z_mma8451\CMSIS" -I"C:\nxp\mma_8451 propio\FRDML02Z_mma8451\utilities" -I"C:\nxp\mma_8451 propio\FRDML02Z_mma8451\startup" -Os -fno-common -g -Wall -c -ffunction-sections -fdata-sections -ffreestanding -fno-builtin -fmacro-prefix-map="../utilities/"=. -mcpu=cortex-m0plus -mthumb -D__REDLIB__ -fstack-usage -specs=redlib.specs -MMD -MP -MF"utilities/fsl_debug_console.d" -MT"utilities/fsl_debug_console.o" -MT"utilities/fsl_debug_console.d" -o "utilities/fsl_debug_console.o" "../utilities/fsl_debug_console.c"
arm-none-eabi-gcc -DCPU_MKL02Z32VFM4 -DCPU_MKL02Z32VFM4_cm0plus -DFSL_RTOS_BM -DSDK_OS_BAREMETAL -DSDK_DEBUGCONSOLE=0 -DCR_INTEGER_PRINTF -DPRINTF_FLOAT_ENABLE=1 -DCR_PRINTF_CHAR -DSDK_DEBUGCONSOLE_UART -D__MCUXPRESSO -D__USE_CMSIS -DNDEBUG -D__REDLIB__ -I"C:\nxp\mma_8451 propio\FRDML02Z_mma8451\board" -I"C:\nxp\mma_8451 propio\FRDML02Z_mma8451\source" -I"C:\nxp\mma_8451 propio\FRDML02Z_mma8451" -I"C:\nxp\mma_8451 propio\FRDML02Z_mma8451\drivers" -I"C:\nxp\mma_8451 propio\FRDML02Z_mma8451\CMSIS" -I"C:\nxp\mma_8451 propio\FRDML02Z_mma8451\utilities" -I"C:\nxp\mma_8451 propio\FRDML02Z_mma8451\startup" -Os -fno-common -g -Wall -c -ffunction-sections -fdata-sections -ffreestanding -fno-builtin -fmacro-prefix-map="../utilities/"=. -mcpu=cortex-m0plus -mthumb -D__REDLIB__ -fstack-usage -specs=redlib.specs -MMD -MP -MF"utilities/fsl_io.d" -MT"utilities/fsl_io.o" -MT"utilities/fsl_io.d" -o "utilities/fsl_io.o" "../utilities/fsl_io.c"
Finished building: ../utilities/fsl_io.c
 
Building file: ../utilities/fsl_log.c
Invoking: MCU C Compiler
Finished building: ../utilities/fsl_debug_console.c
arm-none-eabi-gcc -DCPU_MKL02Z32VFM4 -DCPU_MKL02Z32VFM4_cm0plus -DFSL_RTOS_BM -DSDK_OS_BAREMETAL -DSDK_DEBUGCONSOLE=0 -DCR_INTEGER_PRINTF -DPRINTF_FLOAT_ENABLE=1 -DCR_PRINTF_CHAR -DSDK_DEBUGCONSOLE_UART -D__MCUXPRESSO -D__USE_CMSIS -DNDEBUG -D__REDLIB__ -I"C:\nxp\mma_8451 propio\FRDML02Z_mma8451\board" -I"C:\nxp\mma_8451 propio\FRDML02Z_mma8451\source" -I"C:\nxp\mma_8451 propio\FRDML02Z_mma8451" -I"C:\nxp\mma_8451 propio\FRDML02Z_mma8451\drivers" -I"C:\nxp\mma_8451 propio\FRDML02Z_mma8451\CMSIS" -I"C:\nxp\mma_8451 propio\FRDML02Z_mma8451\utilities" -I"C:\nxp\mma_8451 propio\FRDML02Z_mma8451\startup" -Os -fno-common -g -Wall -c -ffunction-sections -fdata-sections -ffreestanding -fno-builtin -fmacro-prefix-map="../utilities/"=. -mcpu=cortex-m0plus -mthumb -D__REDLIB__ -fstack-usage -specs=redlib.specs -MMD -MP -MF"utilities/fsl_log.d" -MT"utilities/fsl_log.o" -MT"utilities/fsl_log.d" -o "utilities/fsl_log.o" "../utilities/fsl_log.c"
 
Building file: ../utilities/fsl_str.c
Invoking: MCU C Compiler
arm-none-eabi-gcc -DCPU_MKL02Z32VFM4 -DCPU_MKL02Z32VFM4_cm0plus -DFSL_RTOS_BM -DSDK_OS_BAREMETAL -DSDK_DEBUGCONSOLE=0 -DCR_INTEGER_PRINTF -DPRINTF_FLOAT_ENABLE=1 -DCR_PRINTF_CHAR -DSDK_DEBUGCONSOLE_UART -D__MCUXPRESSO -D__USE_CMSIS -DNDEBUG -D__REDLIB__ -I"C:\nxp\mma_8451 propio\FRDML02Z_mma8451\board" -I"C:\nxp\mma_8451 propio\FRDML02Z_mma8451\source" -I"C:\nxp\mma_8451 propio\FRDML02Z_mma8451" -I"C:\nxp\mma_8451 propio\FRDML02Z_mma8451\drivers" -I"C:\nxp\mma_8451 propio\FRDML02Z_mma8451\CMSIS" -I"C:\nxp\mma_8451 propio\FRDML02Z_mma8451\utilities" -I"C:\nxp\mma_8451 propio\FRDML02Z_mma8451\startup" -Os -fno-common -g -Wall -c -ffunction-sections -fdata-sections -ffreestanding -fno-builtin -fmacro-prefix-map="../utilities/"=. -mcpu=cortex-m0plus -mthumb -D__REDLIB__ -fstack-usage -specs=redlib.specs -MMD -MP -MF"utilities/fsl_str.d" -MT"utilities/fsl_str.o" -MT"utilities/fsl_str.d" -o "utilities/fsl_str.o" "../utilities/fsl_str.c"
Finished building: ../utilities/fsl_log.c
 
Building file: ../startup/startup_mkl02z4.c
Invoking: MCU C Compiler
arm-none-eabi-gcc -DCPU_MKL02Z32VFM4 -DCPU_MKL02Z32VFM4_cm0plus -DFSL_RTOS_BM -DSDK_OS_BAREMETAL -DSDK_DEBUGCONSOLE=0 -DCR_INTEGER_PRINTF -DPRINTF_FLOAT_ENABLE=1 -DCR_PRINTF_CHAR -DSDK_DEBUGCONSOLE_UART -D__MCUXPRESSO -D__USE_CMSIS -DNDEBUG -D__REDLIB__ -I"C:\nxp\mma_8451 propio\FRDML02Z_mma8451\board" -I"C:\nxp\mma_8451 propio\FRDML02Z_mma8451\source" -I"C:\nxp\mma_8451 propio\FRDML02Z_mma8451" -I"C:\nxp\mma_8451 propio\FRDML02Z_mma8451\drivers" -I"C:\nxp\mma_8451 propio\FRDML02Z_mma8451\CMSIS" -I"C:\nxp\mma_8451 propio\FRDML02Z_mma8451\utilities" -I"C:\nxp\mma_8451 propio\FRDML02Z_mma8451\startup" -Os -fno-common -g -Wall -c -ffunction-sections -fdata-sections -ffreestanding -fno-builtin -fmacro-prefix-map="../startup/"=. -mcpu=cortex-m0plus -mthumb -D__REDLIB__ -fstack-usage -specs=redlib.specs -MMD -MP -MF"startup/startup_mkl02z4.d" -MT"startup/startup_mkl02z4.o" -MT"startup/startup_mkl02z4.d" -o "startup/startup_mkl02z4.o" "../startup/startup_mkl02z4.c"
Finished building: ../startup/startup_mkl02z4.c
 
Building file: ../source/FRDML02Z_mma8451.c
Invoking: MCU C Compiler
arm-none-eabi-gcc -DCPU_MKL02Z32VFM4 -DCPU_MKL02Z32VFM4_cm0plus -DFSL_RTOS_BM -DSDK_OS_BAREMETAL -DSDK_DEBUGCONSOLE=0 -DCR_INTEGER_PRINTF -DPRINTF_FLOAT_ENABLE=1 -DCR_PRINTF_CHAR -DSDK_DEBUGCONSOLE_UART -D__MCUXPRESSO -D__USE_CMSIS -DNDEBUG -D__REDLIB__ -I"C:\nxp\mma_8451 propio\FRDML02Z_mma8451\board" -I"C:\nxp\mma_8451 propio\FRDML02Z_mma8451\source" -I"C:\nxp\mma_8451 propio\FRDML02Z_mma8451" -I"C:\nxp\mma_8451 propio\FRDML02Z_mma8451\drivers" -I"C:\nxp\mma_8451 propio\FRDML02Z_mma8451\CMSIS" -I"C:\nxp\mma_8451 propio\FRDML02Z_mma8451\utilities" -I"C:\nxp\mma_8451 propio\FRDML02Z_mma8451\startup" -Os -fno-common -g -Wall -c -ffunction-sections -fdata-sections -ffreestanding -fno-builtin -fmacro-prefix-map="../source/"=. -mcpu=cortex-m0plus -mthumb -D__REDLIB__ -fstack-usage -specs=redlib.specs -MMD -MP -MF"source/FRDML02Z_mma8451.d" -MT"source/FRDML02Z_mma8451.o" -MT"source/FRDML02Z_mma8451.d" -o "source/FRDML02Z_mma8451.o" "../source/FRDML02Z_mma8451.c"
Finished building: ../utilities/fsl_str.c
 
Building file: ../source/mtb.c
Invoking: MCU C Compiler
arm-none-eabi-gcc -DCPU_MKL02Z32VFM4 -DCPU_MKL02Z32VFM4_cm0plus -DFSL_RTOS_BM -DSDK_OS_BAREMETAL -DSDK_DEBUGCONSOLE=0 -DCR_INTEGER_PRINTF -DPRINTF_FLOAT_ENABLE=1 -DCR_PRINTF_CHAR -DSDK_DEBUGCONSOLE_UART -D__MCUXPRESSO -D__USE_CMSIS -DNDEBUG -D__REDLIB__ -I"C:\nxp\mma_8451 propio\FRDML02Z_mma8451\board" -I"C:\nxp\mma_8451 propio\FRDML02Z_mma8451\source" -I"C:\nxp\mma_8451 propio\FRDML02Z_mma8451" -I"C:\nxp\mma_8451 propio\FRDML02Z_mma8451\drivers" -I"C:\nxp\mma_8451 propio\FRDML02Z_mma8451\CMSIS" -I"C:\nxp\mma_8451 propio\FRDML02Z_mma8451\utilities" -I"C:\nxp\mma_8451 propio\FRDML02Z_mma8451\startup" -Os -fno-common -g -Wall -c -ffunction-sections -fdata-sections -ffreestanding -fno-builtin -fmacro-prefix-map="../source/"=. -mcpu=cortex-m0plus -mthumb -D__REDLIB__ -fstack-usage -specs=redlib.specs -MMD -MP -MF"source/mtb.d" -MT"source/mtb.o" -MT"source/mtb.d" -o "source/mtb.o" "../source/mtb.c"
Finished building: ../source/FRDML02Z_mma8451.c
 
Building file: ../source/semihost_hardfault.c
Invoking: MCU C Compiler
arm-none-eabi-gcc -DCPU_MKL02Z32VFM4 -DCPU_MKL02Z32VFM4_cm0plus -DFSL_RTOS_BM -DSDK_OS_BAREMETAL -DSDK_DEBUGCONSOLE=0 -DCR_INTEGER_PRINTF -DPRINTF_FLOAT_ENABLE=1 -DCR_PRINTF_CHAR -DSDK_DEBUGCONSOLE_UART -D__MCUXPRESSO -D__USE_CMSIS -DNDEBUG -D__REDLIB__ -I"C:\nxp\mma_8451 propio\FRDML02Z_mma8451\board" -I"C:\nxp\mma_8451 propio\FRDML02Z_mma8451\source" -I"C:\nxp\mma_8451 propio\FRDML02Z_mma8451" -I"C:\nxp\mma_8451 propio\FRDML02Z_mma8451\drivers" -I"C:\nxp\mma_8451 propio\FRDML02Z_mma8451\CMSIS" -I"C:\nxp\mma_8451 propio\FRDML02Z_mma8451\utilities" -I"C:\nxp\mma_8451 propio\FRDML02Z_mma8451\startup" -Os -fno-common -g -Wall -c -ffunction-sections -fdata-sections -ffreestanding -fno-builtin -fmacro-prefix-map="../source/"=. -mcpu=cortex-m0plus -mthumb -D__REDLIB__ -fstack-usage -specs=redlib.specs -MMD -MP -MF"source/semihost_hardfault.d" -MT"source/semihost_hardfault.o" -MT"source/semihost_hardfault.d" -o "source/semihost_hardfault.o" "../source/semihost_hardfault.c"
Finished building: ../source/mtb.c
 
Building file: ../drivers/fsl_adc16.c
Finished building: ../source/semihost_hardfault.c
Invoking: MCU C Compiler
 
arm-none-eabi-gcc -DCPU_MKL02Z32VFM4 -DCPU_MKL02Z32VFM4_cm0plus -DFSL_RTOS_BM -DSDK_OS_BAREMETAL -DSDK_DEBUGCONSOLE=0 -DCR_INTEGER_PRINTF -DPRINTF_FLOAT_ENABLE=1 -DCR_PRINTF_CHAR -DSDK_DEBUGCONSOLE_UART -D__MCUXPRESSO -D__USE_CMSIS -DNDEBUG -D__REDLIB__ -I"C:\nxp\mma_8451 propio\FRDML02Z_mma8451\board" -I"C:\nxp\mma_8451 propio\FRDML02Z_mma8451\source" -I"C:\nxp\mma_8451 propio\FRDML02Z_mma8451" -I"C:\nxp\mma_8451 propio\FRDML02Z_mma8451\drivers" -I"C:\nxp\mma_8451 propio\FRDML02Z_mma8451\CMSIS" -I"C:\nxp\mma_8451 propio\FRDML02Z_mma8451\utilities" -I"C:\nxp\mma_8451 propio\FRDML02Z_mma8451\startup" -Os -fno-common -g -Wall -c -ffunction-sections -fdata-sections -ffreestanding -fno-builtin -fmacro-prefix-map="../drivers/"=. -mcpu=cortex-m0plus -mthumb -D__REDLIB__ -fstack-usage -specs=redlib.specs -MMD -MP -MF"drivers/fsl_adc16.d" -MT"drivers/fsl_adc16.o" -MT"drivers/fsl_adc16.d" -o "drivers/fsl_adc16.o" "../drivers/fsl_adc16.c"
Building file: ../drivers/fsl_clock.c
Invoking: MCU C Compiler
arm-none-eabi-gcc -DCPU_MKL02Z32VFM4 -DCPU_MKL02Z32VFM4_cm0plus -DFSL_RTOS_BM -DSDK_OS_BAREMETAL -DSDK_DEBUGCONSOLE=0 -DCR_INTEGER_PRINTF -DPRINTF_FLOAT_ENABLE=1 -DCR_PRINTF_CHAR -DSDK_DEBUGCONSOLE_UART -D__MCUXPRESSO -D__USE_CMSIS -DNDEBUG -D__REDLIB__ -I"C:\nxp\mma_8451 propio\FRDML02Z_mma8451\board" -I"C:\nxp\mma_8451 propio\FRDML02Z_mma8451\source" -I"C:\nxp\mma_8451 propio\FRDML02Z_mma8451" -I"C:\nxp\mma_8451 propio\FRDML02Z_mma8451\drivers" -I"C:\nxp\mma_8451 propio\FRDML02Z_mma8451\CMSIS" -I"C:\nxp\mma_8451 propio\FRDML02Z_mma8451\utilities" -I"C:\nxp\mma_8451 propio\FRDML02Z_mma8451\startup" -Os -fno-common -g -Wall -c -ffunction-sections -fdata-sections -ffreestanding -fno-builtin -fmacro-prefix-map="../drivers/"=. -mcpu=cortex-m0plus -mthumb -D__REDLIB__ -fstack-usage -specs=redlib.specs -MMD -MP -MF"drivers/fsl_clock.d" -MT"drivers/fsl_clock.o" -MT"drivers/fsl_clock.d" -o "drivers/fsl_clock.o" "../drivers/fsl_clock.c"
Finished building: ../drivers/fsl_adc16.c
 
Building file: ../drivers/fsl_cmp.c
Invoking: MCU C Compiler
arm-none-eabi-gcc -DCPU_MKL02Z32VFM4 -DCPU_MKL02Z32VFM4_cm0plus -DFSL_RTOS_BM -DSDK_OS_BAREMETAL -DSDK_DEBUGCONSOLE=0 -DCR_INTEGER_PRINTF -DPRINTF_FLOAT_ENABLE=1 -DCR_PRINTF_CHAR -DSDK_DEBUGCONSOLE_UART -D__MCUXPRESSO -D__USE_CMSIS -DNDEBUG -D__REDLIB__ -I"C:\nxp\mma_8451 propio\FRDML02Z_mma8451\board" -I"C:\nxp\mma_8451 propio\FRDML02Z_mma8451\source" -I"C:\nxp\mma_8451 propio\FRDML02Z_mma8451" -I"C:\nxp\mma_8451 propio\FRDML02Z_mma8451\drivers" -I"C:\nxp\mma_8451 propio\FRDML02Z_mma8451\CMSIS" -I"C:\nxp\mma_8451 propio\FRDML02Z_mma8451\utilities" -I"C:\nxp\mma_8451 propio\FRDML02Z_mma8451\startup" -Os -fno-common -g -Wall -c -ffunction-sections -fdata-sections -ffreestanding -fno-builtin -fmacro-prefix-map="../drivers/"=. -mcpu=cortex-m0plus -mthumb -D__REDLIB__ -fstack-usage -specs=redlib.specs -MMD -MP -MF"drivers/fsl_cmp.d" -MT"drivers/fsl_cmp.o" -MT"drivers/fsl_cmp.d" -o "drivers/fsl_cmp.o" "../drivers/fsl_cmp.c"
Finished building: ../drivers/fsl_clock.c
 
Building file: ../drivers/fsl_common.c
Invoking: MCU C Compiler
arm-none-eabi-gcc -DCPU_MKL02Z32VFM4 -DCPU_MKL02Z32VFM4_cm0plus -DFSL_RTOS_BM -DSDK_OS_BAREMETAL -DSDK_DEBUGCONSOLE=0 -DCR_INTEGER_PRINTF -DPRINTF_FLOAT_ENABLE=1 -DCR_PRINTF_CHAR -DSDK_DEBUGCONSOLE_UART -D__MCUXPRESSO -D__USE_CMSIS -DNDEBUG -D__REDLIB__ -I"C:\nxp\mma_8451 propio\FRDML02Z_mma8451\board" -I"C:\nxp\mma_8451 propio\FRDML02Z_mma8451\source" -I"C:\nxp\mma_8451 propio\FRDML02Z_mma8451" -I"C:\nxp\mma_8451 propio\FRDML02Z_mma8451\drivers" -I"C:\nxp\mma_8451 propio\FRDML02Z_mma8451\CMSIS" -I"C:\nxp\mma_8451 propio\FRDML02Z_mma8451\utilities" -I"C:\nxp\mma_8451 propio\FRDML02Z_mma8451\startup" -Os -fno-common -g -Wall -c -ffunction-sections -fdata-sections -ffreestanding -fno-builtin -fmacro-prefix-map="../drivers/"=. -mcpu=cortex-m0plus -mthumb -D__REDLIB__ -fstack-usage -specs=redlib.specs -MMD -MP -MF"drivers/fsl_common.d" -MT"drivers/fsl_common.o" -MT"drivers/fsl_common.d" -o "drivers/fsl_common.o" "../drivers/fsl_common.c"
Finished building: ../drivers/fsl_common.c
 
Building file: ../drivers/fsl_cop.c
Finished building: ../drivers/fsl_cmp.c
Invoking: MCU C Compiler
arm-none-eabi-gcc -DCPU_MKL02Z32VFM4 -DCPU_MKL02Z32VFM4_cm0plus -DFSL_RTOS_BM -DSDK_OS_BAREMETAL -DSDK_DEBUGCONSOLE=0 -DCR_INTEGER_PRINTF -DPRINTF_FLOAT_ENABLE=1 -DCR_PRINTF_CHAR -DSDK_DEBUGCONSOLE_UART -D__MCUXPRESSO -D__USE_CMSIS -DNDEBUG -D__REDLIB__ -I"C:\nxp\mma_8451 propio\FRDML02Z_mma8451\board" -I"C:\nxp\mma_8451 propio\FRDML02Z_mma8451\source" -I"C:\nxp\mma_8451 propio\FRDML02Z_mma8451" -I"C:\nxp\mma_8451 propio\FRDML02Z_mma8451\drivers" -I"C:\nxp\mma_8451 propio\FRDML02Z_mma8451\CMSIS" -I"C:\nxp\mma_8451 propio\FRDML02Z_mma8451\utilities" -I"C:\nxp\mma_8451 propio\FRDML02Z_mma8451\startup" -Os -fno-common -g -Wall -c -ffunction-sections -fdata-sections -ffreestanding -fno-builtin -fmacro-prefix-map="../drivers/"=. -mcpu=cortex-m0plus -mthumb -D__REDLIB__ -fstack-usage -specs=redlib.specs -MMD -MP -MF"drivers/fsl_cop.d" -MT"drivers/fsl_cop.o" -MT"drivers/fsl_cop.d" -o "drivers/fsl_cop.o" "../drivers/fsl_cop.c"
 
Building file: ../drivers/fsl_flash.c
Invoking: MCU C Compiler
arm-none-eabi-gcc -DCPU_MKL02Z32VFM4 -DCPU_MKL02Z32VFM4_cm0plus -DFSL_RTOS_BM -DSDK_OS_BAREMETAL -DSDK_DEBUGCONSOLE=0 -DCR_INTEGER_PRINTF -DPRINTF_FLOAT_ENABLE=1 -DCR_PRINTF_CHAR -DSDK_DEBUGCONSOLE_UART -D__MCUXPRESSO -D__USE_CMSIS -DNDEBUG -D__REDLIB__ -I"C:\nxp\mma_8451 propio\FRDML02Z_mma8451\board" -I"C:\nxp\mma_8451 propio\FRDML02Z_mma8451\source" -I"C:\nxp\mma_8451 propio\FRDML02Z_mma8451" -I"C:\nxp\mma_8451 propio\FRDML02Z_mma8451\drivers" -I"C:\nxp\mma_8451 propio\FRDML02Z_mma8451\CMSIS" -I"C:\nxp\mma_8451 propio\FRDML02Z_mma8451\utilities" -I"C:\nxp\mma_8451 propio\FRDML02Z_mma8451\startup" -Os -fno-common -g -Wall -c -ffunction-sections -fdata-sections -ffreestanding -fno-builtin -fmacro-prefix-map="../drivers/"=. -mcpu=cortex-m0plus -mthumb -D__REDLIB__ -fstack-usage -specs=redlib.specs -MMD -MP -MF"drivers/fsl_flash.d" -MT"drivers/fsl_flash.o" -MT"drivers/fsl_flash.d" -o "drivers/fsl_flash.o" "../drivers/fsl_flash.c"
Finished building: ../drivers/fsl_cop.c
 
Building file: ../drivers/fsl_gpio.c
Invoking: MCU C Compiler
arm-none-eabi-gcc -DCPU_MKL02Z32VFM4 -DCPU_MKL02Z32VFM4_cm0plus -DFSL_RTOS_BM -DSDK_OS_BAREMETAL -DSDK_DEBUGCONSOLE=0 -DCR_INTEGER_PRINTF -DPRINTF_FLOAT_ENABLE=1 -DCR_PRINTF_CHAR -DSDK_DEBUGCONSOLE_UART -D__MCUXPRESSO -D__USE_CMSIS -DNDEBUG -D__REDLIB__ -I"C:\nxp\mma_8451 propio\FRDML02Z_mma8451\board" -I"C:\nxp\mma_8451 propio\FRDML02Z_mma8451\source" -I"C:\nxp\mma_8451 propio\FRDML02Z_mma8451" -I"C:\nxp\mma_8451 propio\FRDML02Z_mma8451\drivers" -I"C:\nxp\mma_8451 propio\FRDML02Z_mma8451\CMSIS" -I"C:\nxp\mma_8451 propio\FRDML02Z_mma8451\utilities" -I"C:\nxp\mma_8451 propio\FRDML02Z_mma8451\startup" -Os -fno-common -g -Wall -c -ffunction-sections -fdata-sections -ffreestanding -fno-builtin -fmacro-prefix-map="../drivers/"=. -mcpu=cortex-m0plus -mthumb -D__REDLIB__ -fstack-usage -specs=redlib.specs -MMD -MP -MF"drivers/fsl_gpio.d" -MT"drivers/fsl_gpio.o" -MT"drivers/fsl_gpio.d" -o "drivers/fsl_gpio.o" "../drivers/fsl_gpio.c"
Finished building: ../drivers/fsl_gpio.c
 
Building file: ../drivers/fsl_i2c.c
Invoking: MCU C Compiler
arm-none-eabi-gcc -DCPU_MKL02Z32VFM4 -DCPU_MKL02Z32VFM4_cm0plus -DFSL_RTOS_BM -DSDK_OS_BAREMETAL -DSDK_DEBUGCONSOLE=0 -DCR_INTEGER_PRINTF -DPRINTF_FLOAT_ENABLE=1 -DCR_PRINTF_CHAR -DSDK_DEBUGCONSOLE_UART -D__MCUXPRESSO -D__USE_CMSIS -DNDEBUG -D__REDLIB__ -I"C:\nxp\mma_8451 propio\FRDML02Z_mma8451\board" -I"C:\nxp\mma_8451 propio\FRDML02Z_mma8451\source" -I"C:\nxp\mma_8451 propio\FRDML02Z_mma8451" -I"C:\nxp\mma_8451 propio\FRDML02Z_mma8451\drivers" -I"C:\nxp\mma_8451 propio\FRDML02Z_mma8451\CMSIS" -I"C:\nxp\mma_8451 propio\FRDML02Z_mma8451\utilities" -I"C:\nxp\mma_8451 propio\FRDML02Z_mma8451\startup" -Os -fno-common -g -Wall -c -ffunction-sections -fdata-sections -ffreestanding -fno-builtin -fmacro-prefix-map="../drivers/"=. -mcpu=cortex-m0plus -mthumb -D__REDLIB__ -fstack-usage -specs=redlib.specs -MMD -MP -MF"drivers/fsl_i2c.d" -MT"drivers/fsl_i2c.o" -MT"drivers/fsl_i2c.d" -o "drivers/fsl_i2c.o" "../drivers/fsl_i2c.c"
Finished building: ../drivers/fsl_flash.c
 
Building file: ../drivers/fsl_lpsci.c
Invoking: MCU C Compiler
arm-none-eabi-gcc -DCPU_MKL02Z32VFM4 -DCPU_MKL02Z32VFM4_cm0plus -DFSL_RTOS_BM -DSDK_OS_BAREMETAL -DSDK_DEBUGCONSOLE=0 -DCR_INTEGER_PRINTF -DPRINTF_FLOAT_ENABLE=1 -DCR_PRINTF_CHAR -DSDK_DEBUGCONSOLE_UART -D__MCUXPRESSO -D__USE_CMSIS -DNDEBUG -D__REDLIB__ -I"C:\nxp\mma_8451 propio\FRDML02Z_mma8451\board" -I"C:\nxp\mma_8451 propio\FRDML02Z_mma8451\source" -I"C:\nxp\mma_8451 propio\FRDML02Z_mma8451" -I"C:\nxp\mma_8451 propio\FRDML02Z_mma8451\drivers" -I"C:\nxp\mma_8451 propio\FRDML02Z_mma8451\CMSIS" -I"C:\nxp\mma_8451 propio\FRDML02Z_mma8451\utilities" -I"C:\nxp\mma_8451 propio\FRDML02Z_mma8451\startup" -Os -fno-common -g -Wall -c -ffunction-sections -fdata-sections -ffreestanding -fno-builtin -fmacro-prefix-map="../drivers/"=. -mcpu=cortex-m0plus -mthumb -D__REDLIB__ -fstack-usage -specs=redlib.specs -MMD -MP -MF"drivers/fsl_lpsci.d" -MT"drivers/fsl_lpsci.o" -MT"drivers/fsl_lpsci.d" -o "drivers/fsl_lpsci.o" "../drivers/fsl_lpsci.c"
Finished building: ../drivers/fsl_lpsci.c
 
Finished building: ../drivers/fsl_i2c.c
Building file: ../drivers/fsl_rcm.c
 
Building file: ../drivers/fsl_sim.c
Invoking: MCU C Compiler
arm-none-eabi-gcc -DCPU_MKL02Z32VFM4 -DCPU_MKL02Z32VFM4_cm0plus -DFSL_RTOS_BM -DSDK_OS_BAREMETAL -DSDK_DEBUGCONSOLE=0 -DCR_INTEGER_PRINTF -DPRINTF_FLOAT_ENABLE=1 -DCR_PRINTF_CHAR -DSDK_DEBUGCONSOLE_UART -D__MCUXPRESSO -D__USE_CMSIS -DNDEBUG -D__REDLIB__ -I"C:\nxp\mma_8451 propio\FRDML02Z_mma8451\board" -I"C:\nxp\mma_8451 propio\FRDML02Z_mma8451\source" -I"C:\nxp\mma_8451 propio\FRDML02Z_mma8451" -I"C:\nxp\mma_8451 propio\FRDML02Z_mma8451\drivers" -I"C:\nxp\mma_8451 propio\FRDML02Z_mma8451\CMSIS" -I"C:\nxp\mma_8451 propio\FRDML02Z_mma8451\utilities" -I"C:\nxp\mma_8451 propio\FRDML02Z_mma8451\startup" -Os -fno-common -g -Wall -c -ffunction-sections -fdata-sections -ffreestanding -fno-builtin -fmacro-prefix-map="../drivers/"=. -mcpu=cortex-m0plus -mthumb -D__REDLIB__ -fstack-usage -specs=redlib.specs -MMD -MP -MF"drivers/fsl_rcm.d" -MT"drivers/fsl_rcm.o" -MT"drivers/fsl_rcm.d" -o "drivers/fsl_rcm.o" "../drivers/fsl_rcm.c"
Invoking: MCU C Compiler
arm-none-eabi-gcc -DCPU_MKL02Z32VFM4 -DCPU_MKL02Z32VFM4_cm0plus -DFSL_RTOS_BM -DSDK_OS_BAREMETAL -DSDK_DEBUGCONSOLE=0 -DCR_INTEGER_PRINTF -DPRINTF_FLOAT_ENABLE=1 -DCR_PRINTF_CHAR -DSDK_DEBUGCONSOLE_UART -D__MCUXPRESSO -D__USE_CMSIS -DNDEBUG -D__REDLIB__ -I"C:\nxp\mma_8451 propio\FRDML02Z_mma8451\board" -I"C:\nxp\mma_8451 propio\FRDML02Z_mma8451\source" -I"C:\nxp\mma_8451 propio\FRDML02Z_mma8451" -I"C:\nxp\mma_8451 propio\FRDML02Z_mma8451\drivers" -I"C:\nxp\mma_8451 propio\FRDML02Z_mma8451\CMSIS" -I"C:\nxp\mma_8451 propio\FRDML02Z_mma8451\utilities" -I"C:\nxp\mma_8451 propio\FRDML02Z_mma8451\startup" -Os -fno-common -g -Wall -c -ffunction-sections -fdata-sections -ffreestanding -fno-builtin -fmacro-prefix-map="../drivers/"=. -mcpu=cortex-m0plus -mthumb -D__REDLIB__ -fstack-usage -specs=redlib.specs -MMD -MP -MF"drivers/fsl_sim.d" -MT"drivers/fsl_sim.o" -MT"drivers/fsl_sim.d" -o "drivers/fsl_sim.o" "../drivers/fsl_sim.c"
Finished building: ../drivers/fsl_sim.c
 
Building file: ../drivers/fsl_smc.c
Invoking: MCU C Compiler
arm-none-eabi-gcc -DCPU_MKL02Z32VFM4 -DCPU_MKL02Z32VFM4_cm0plus -DFSL_RTOS_BM -DSDK_OS_BAREMETAL -DSDK_DEBUGCONSOLE=0 -DCR_INTEGER_PRINTF -DPRINTF_FLOAT_ENABLE=1 -DCR_PRINTF_CHAR -DSDK_DEBUGCONSOLE_UART -D__MCUXPRESSO -D__USE_CMSIS -DNDEBUG -D__REDLIB__ -I"C:\nxp\mma_8451 propio\FRDML02Z_mma8451\board" -I"C:\nxp\mma_8451 propio\FRDML02Z_mma8451\source" -I"C:\nxp\mma_8451 propio\FRDML02Z_mma8451" -I"C:\nxp\mma_8451 propio\FRDML02Z_mma8451\drivers" -I"C:\nxp\mma_8451 propio\FRDML02Z_mma8451\CMSIS" -I"C:\nxp\mma_8451 propio\FRDML02Z_mma8451\utilities" -I"C:\nxp\mma_8451 propio\FRDML02Z_mma8451\startup" -Os -fno-common -g -Wall -c -ffunction-sections -fdata-sections -ffreestanding -fno-builtin -fmacro-prefix-map="../drivers/"=. -mcpu=cortex-m0plus -mthumb -D__REDLIB__ -fstack-usage -specs=redlib.specs -MMD -MP -MF"drivers/fsl_smc.d" -MT"drivers/fsl_smc.o" -MT"drivers/fsl_smc.d" -o "drivers/fsl_smc.o" "../drivers/fsl_smc.c"
Finished building: ../drivers/fsl_rcm.c
 
Building file: ../drivers/fsl_spi.c
Invoking: MCU C Compiler
arm-none-eabi-gcc -DCPU_MKL02Z32VFM4 -DCPU_MKL02Z32VFM4_cm0plus -DFSL_RTOS_BM -DSDK_OS_BAREMETAL -DSDK_DEBUGCONSOLE=0 -DCR_INTEGER_PRINTF -DPRINTF_FLOAT_ENABLE=1 -DCR_PRINTF_CHAR -DSDK_DEBUGCONSOLE_UART -D__MCUXPRESSO -D__USE_CMSIS -DNDEBUG -D__REDLIB__ -I"C:\nxp\mma_8451 propio\FRDML02Z_mma8451\board" -I"C:\nxp\mma_8451 propio\FRDML02Z_mma8451\source" -I"C:\nxp\mma_8451 propio\FRDML02Z_mma8451" -I"C:\nxp\mma_8451 propio\FRDML02Z_mma8451\drivers" -I"C:\nxp\mma_8451 propio\FRDML02Z_mma8451\CMSIS" -I"C:\nxp\mma_8451 propio\FRDML02Z_mma8451\utilities" -I"C:\nxp\mma_8451 propio\FRDML02Z_mma8451\startup" -Os -fno-common -g -Wall -c -ffunction-sections -fdata-sections -ffreestanding -fno-builtin -fmacro-prefix-map="../drivers/"=. -mcpu=cortex-m0plus -mthumb -D__REDLIB__ -fstack-usage -specs=redlib.specs -MMD -MP -MF"drivers/fsl_spi.d" -MT"drivers/fsl_spi.o" -MT"drivers/fsl_spi.d" -o "drivers/fsl_spi.o" "../drivers/fsl_spi.c"
Finished building: ../drivers/fsl_smc.c
 
Building file: ../drivers/fsl_tpm.c
Invoking: MCU C Compiler
Finished building: ../drivers/fsl_spi.c
arm-none-eabi-gcc -DCPU_MKL02Z32VFM4 -DCPU_MKL02Z32VFM4_cm0plus -DFSL_RTOS_BM -DSDK_OS_BAREMETAL -DSDK_DEBUGCONSOLE=0 -DCR_INTEGER_PRINTF -DPRINTF_FLOAT_ENABLE=1 -DCR_PRINTF_CHAR -DSDK_DEBUGCONSOLE_UART -D__MCUXPRESSO -D__USE_CMSIS -DNDEBUG -D__REDLIB__ -I"C:\nxp\mma_8451 propio\FRDML02Z_mma8451\board" -I"C:\nxp\mma_8451 propio\FRDML02Z_mma8451\source" -I"C:\nxp\mma_8451 propio\FRDML02Z_mma8451" -I"C:\nxp\mma_8451 propio\FRDML02Z_mma8451\drivers" -I"C:\nxp\mma_8451 propio\FRDML02Z_mma8451\CMSIS" -I"C:\nxp\mma_8451 propio\FRDML02Z_mma8451\utilities" -I"C:\nxp\mma_8451 propio\FRDML02Z_mma8451\startup" -Os -fno-common -g -Wall -c -ffunction-sections -fdata-sections -ffreestanding -fno-builtin -fmacro-prefix-map="../drivers/"=. -mcpu=cortex-m0plus -mthumb -D__REDLIB__ -fstack-usage -specs=redlib.specs -MMD -MP -MF"drivers/fsl_tpm.d" -MT"drivers/fsl_tpm.o" -MT"drivers/fsl_tpm.d" -o "drivers/fsl_tpm.o" "../drivers/fsl_tpm.c"
 
Building file: ../board/board.c
Invoking: MCU C Compiler
arm-none-eabi-gcc -DCPU_MKL02Z32VFM4 -DCPU_MKL02Z32VFM4_cm0plus -DFSL_RTOS_BM -DSDK_OS_BAREMETAL -DSDK_DEBUGCONSOLE=0 -DCR_INTEGER_PRINTF -DPRINTF_FLOAT_ENABLE=1 -DCR_PRINTF_CHAR -DSDK_DEBUGCONSOLE_UART -D__MCUXPRESSO -D__USE_CMSIS -DNDEBUG -D__REDLIB__ -I"C:\nxp\mma_8451 propio\FRDML02Z_mma8451\board" -I"C:\nxp\mma_8451 propio\FRDML02Z_mma8451\source" -I"C:\nxp\mma_8451 propio\FRDML02Z_mma8451" -I"C:\nxp\mma_8451 propio\FRDML02Z_mma8451\drivers" -I"C:\nxp\mma_8451 propio\FRDML02Z_mma8451\CMSIS" -I"C:\nxp\mma_8451 propio\FRDML02Z_mma8451\utilities" -I"C:\nxp\mma_8451 propio\FRDML02Z_mma8451\startup" -Os -fno-common -g -Wall -c -ffunction-sections -fdata-sections -ffreestanding -fno-builtin -fmacro-prefix-map="../board/"=. -mcpu=cortex-m0plus -mthumb -D__REDLIB__ -fstack-usage -specs=redlib.specs -MMD -MP -MF"board/board.d" -MT"board/board.o" -MT"board/board.d" -o "board/board.o" "../board/board.c"
Finished building: ../drivers/fsl_tpm.c
 
Building file: ../board/clock_config.c
Finished building: ../board/board.c
Invoking: MCU C Compiler
 
arm-none-eabi-gcc -DCPU_MKL02Z32VFM4 -DCPU_MKL02Z32VFM4_cm0plus -DFSL_RTOS_BM -DSDK_OS_BAREMETAL -DSDK_DEBUGCONSOLE=0 -DCR_INTEGER_PRINTF -DPRINTF_FLOAT_ENABLE=1 -DCR_PRINTF_CHAR -DSDK_DEBUGCONSOLE_UART -D__MCUXPRESSO -D__USE_CMSIS -DNDEBUG -D__REDLIB__ -I"C:\nxp\mma_8451 propio\FRDML02Z_mma8451\board" -I"C:\nxp\mma_8451 propio\FRDML02Z_mma8451\source" -I"C:\nxp\mma_8451 propio\FRDML02Z_mma8451" -I"C:\nxp\mma_8451 propio\FRDML02Z_mma8451\drivers" -I"C:\nxp\mma_8451 propio\FRDML02Z_mma8451\CMSIS" -I"C:\nxp\mma_8451 propio\FRDML02Z_mma8451\utilities" -I"C:\nxp\mma_8451 propio\FRDML02Z_mma8451\startup" -Os -fno-common -g -Wall -c -ffunction-sections -fdata-sections -ffreestanding -fno-builtin -fmacro-prefix-map="../board/"=. -mcpu=cortex-m0plus -mthumb -D__REDLIB__ -fstack-usage -specs=redlib.specs -MMD -MP -MF"board/clock_config.d" -MT"board/clock_config.o" -MT"board/clock_config.d" -o "board/clock_config.o" "../board/clock_config.c"
Building file: ../board/peripherals.c
Invoking: MCU C Compiler
arm-none-eabi-gcc -DCPU_MKL02Z32VFM4 -DCPU_MKL02Z32VFM4_cm0plus -DFSL_RTOS_BM -DSDK_OS_BAREMETAL -DSDK_DEBUGCONSOLE=0 -DCR_INTEGER_PRINTF -DPRINTF_FLOAT_ENABLE=1 -DCR_PRINTF_CHAR -DSDK_DEBUGCONSOLE_UART -D__MCUXPRESSO -D__USE_CMSIS -DNDEBUG -D__REDLIB__ -I"C:\nxp\mma_8451 propio\FRDML02Z_mma8451\board" -I"C:\nxp\mma_8451 propio\FRDML02Z_mma8451\source" -I"C:\nxp\mma_8451 propio\FRDML02Z_mma8451" -I"C:\nxp\mma_8451 propio\FRDML02Z_mma8451\drivers" -I"C:\nxp\mma_8451 propio\FRDML02Z_mma8451\CMSIS" -I"C:\nxp\mma_8451 propio\FRDML02Z_mma8451\utilities" -I"C:\nxp\mma_8451 propio\FRDML02Z_mma8451\startup" -Os -fno-common -g -Wall -c -ffunction-sections -fdata-sections -ffreestanding -fno-builtin -fmacro-prefix-map="../board/"=. -mcpu=cortex-m0plus -mthumb -D__REDLIB__ -fstack-usage -specs=redlib.specs -MMD -MP -MF"board/peripherals.d" -MT"board/peripherals.o" -MT"board/peripherals.d" -o "board/peripherals.o" "../board/peripherals.c"
Finished building: ../board/clock_config.c
Finished building: ../board/peripherals.c
 
 
Building file: ../board/pin_mux.c
Building file: ../CMSIS/system_MKL02Z4.c
Invoking: MCU C Compiler
Invoking: MCU C Compiler
arm-none-eabi-gcc -DCPU_MKL02Z32VFM4 -DCPU_MKL02Z32VFM4_cm0plus -DFSL_RTOS_BM -DSDK_OS_BAREMETAL -DSDK_DEBUGCONSOLE=0 -DCR_INTEGER_PRINTF -DPRINTF_FLOAT_ENABLE=1 -DCR_PRINTF_CHAR -DSDK_DEBUGCONSOLE_UART -D__MCUXPRESSO -D__USE_CMSIS -DNDEBUG -D__REDLIB__ -I"C:\nxp\mma_8451 propio\FRDML02Z_mma8451\board" -I"C:\nxp\mma_8451 propio\FRDML02Z_mma8451\source" -I"C:\nxp\mma_8451 propio\FRDML02Z_mma8451" -I"C:\nxp\mma_8451 propio\FRDML02Z_mma8451\drivers" -I"C:\nxp\mma_8451 propio\FRDML02Z_mma8451\CMSIS" -I"C:\nxp\mma_8451 propio\FRDML02Z_mma8451\utilities" -I"C:\nxp\mma_8451 propio\FRDML02Z_mma8451\startup" -Os -fno-common -g -Wall -c -ffunction-sections -fdata-sections -ffreestanding -fno-builtin -fmacro-prefix-map="../board/"=. -mcpu=cortex-m0plus -mthumb -D__REDLIB__ -fstack-usage -specs=redlib.specs -MMD -MP -MF"board/pin_mux.d" -MT"board/pin_mux.o" -MT"board/pin_mux.d" -o "board/pin_mux.o" "../board/pin_mux.c"
arm-none-eabi-gcc -DCPU_MKL02Z32VFM4 -DCPU_MKL02Z32VFM4_cm0plus -DFSL_RTOS_BM -DSDK_OS_BAREMETAL -DSDK_DEBUGCONSOLE=0 -DCR_INTEGER_PRINTF -DPRINTF_FLOAT_ENABLE=1 -DCR_PRINTF_CHAR -DSDK_DEBUGCONSOLE_UART -D__MCUXPRESSO -D__USE_CMSIS -DNDEBUG -D__REDLIB__ -I"C:\nxp\mma_8451 propio\FRDML02Z_mma8451\board" -I"C:\nxp\mma_8451 propio\FRDML02Z_mma8451\source" -I"C:\nxp\mma_8451 propio\FRDML02Z_mma8451" -I"C:\nxp\mma_8451 propio\FRDML02Z_mma8451\drivers" -I"C:\nxp\mma_8451 propio\FRDML02Z_mma8451\CMSIS" -I"C:\nxp\mma_8451 propio\FRDML02Z_mma8451\utilities" -I"C:\nxp\mma_8451 propio\FRDML02Z_mma8451\startup" -Os -fno-common -g -Wall -c -ffunction-sections -fdata-sections -ffreestanding -fno-builtin -fmacro-prefix-map="../CMSIS/"=. -mcpu=cortex-m0plus -mthumb -D__REDLIB__ -fstack-usage -specs=redlib.specs -MMD -MP -MF"CMSIS/system_MKL02Z4.d" -MT"CMSIS/system_MKL02Z4.o" -MT"CMSIS/system_MKL02Z4.d" -o "CMSIS/system_MKL02Z4.o" "../CMSIS/system_MKL02Z4.c"
Finished building: ../board/pin_mux.c
Finished building: ../CMSIS/system_MKL02Z4.c
 
 
Building target: FRDML02Z_mma8451.axf
Invoking: MCU Linker
arm-none-eabi-gcc -nostdlib -Xlinker -Map="FRDML02Z_mma8451.map" -Xlinker --gc-sections -Xlinker -print-memory-usage -Xlinker --sort-section=alignment -Xlinker --cref -mcpu=cortex-m0plus -mthumb -T FRDML02Z_mma8451_Release.ld -o "FRDML02Z_mma8451.axf"  ./utilities/fsl_debug_console.o ./utilities/fsl_io.o ./utilities/fsl_log.o ./utilities/fsl_str.o  ./startup/startup_mkl02z4.o  ./source/FRDML02Z_mma8451.o ./source/mtb.o ./source/semihost_hardfault.o  ./drivers/fsl_adc16.o ./drivers/fsl_clock.o ./drivers/fsl_cmp.o ./drivers/fsl_common.o ./drivers/fsl_cop.o ./drivers/fsl_flash.o ./drivers/fsl_gpio.o ./drivers/fsl_i2c.o ./drivers/fsl_lpsci.o ./drivers/fsl_rcm.o ./drivers/fsl_sim.o ./drivers/fsl_smc.o ./drivers/fsl_spi.o ./drivers/fsl_tpm.o  ./board/board.o ./board/clock_config.o ./board/peripherals.o ./board/pin_mux.o  ./CMSIS/system_MKL02Z4.o   
Memory region         Used Size  Region Size  %age Used
   PROGRAM_FLASH:        8712 B        32 KB     26.59%
            SRAM:         892 B         4 KB     21.78%
Finished building target: FRDML02Z_mma8451.axf
 
make --no-print-directory post-build
Performing post-build steps
arm-none-eabi-size "FRDML02Z_mma8451.axf"; # arm-none-eabi-objcopy -v -O binary "FRDML02Z_mma8451.axf" "FRDML02Z_mma8451.bin" ; # checksum -p MKL02Z32xxx4 -d "FRDML02Z_mma8451.bin";
   text	   data	    bss	    dec	    hex	filename
   8704	      8	    884	   9596	   257c	FRDML02Z_mma8451.axf
 

21:32:52 Build Finished. 0 errors, 0 warnings. (took 55s.745ms)

